app/packages/[id]/DevDeepawaliDetail.tsx(1541,40): error TS1005: ':' expected.
app/packages/[id]/DevDeepawaliDetail.tsx(1541,42): error TS1005: '}' expected.
app/packages/[id]/DevDeepawaliDetail.tsx(1541,198): error TS1381: Unexpected token. Did you mean `{'}'}` or `&rbrace;`?
app/packages/[id]/DevDeepawaliDetail.tsx(1542,14): error TS1382: Unexpected token. Did you mean `{'>'}` or `&gt;`?
app/packages/[id]/DevDeepawaliDetail.tsx(1546,40): error TS1005: ':' expected.
app/packages/[id]/DevDeepawaliDetail.tsx(1546,42): error TS1005: '}' expected.
app/packages/[id]/DevDeepawaliDetail.tsx(1547,17): error TS1109: Expression expected.
app/packages/[id]/DevDeepawaliDetail.tsx(1548,15): error TS1381: Unexpected token. Did you mean `{'}'}` or `&rbrace;`?
app/packages/[id]/DevDeepawaliDetail.tsx(1548,16): error TS1381: Unexpected token. Did you mean `{'}'}` or `&rbrace;`?
app/packages/[id]/DevDeepawaliDetail.tsx(1549,14): error TS1382: Unexpected token. Did you mean `{'>'}` or `&gt;`?
app/packages/[id]/DevDeepawaliDetail.tsx(1593,40): error TS1005: ':' expected.
app/packages/[id]/DevDeepawaliDetail.tsx(1593,42): error TS1005: '}' expected.
app/packages/[id]/DevDeepawaliDetail.tsx(1593,198): error TS1381: Unexpected token. Did you mean `{'}'}` or `&rbrace;`?
app/packages/[id]/DevDeepawaliDetail.tsx(1594,14): error TS1382: Unexpected token. Did you mean `{'>'}` or `&gt;`?
app/packages/[id]/DevDeepawaliDetail.tsx(1608,40): error TS1005: ':' expected.
app/packages/[id]/DevDeepawaliDetail.tsx(1608,42): error TS1005: '}' expected.
app/packages/[id]/DevDeepawaliDetail.tsx(1608,198): error TS1381: Unexpected token. Did you mean `{'}'}` or `&rbrace;`?
app/packages/[id]/DevDeepawaliDetail.tsx(1609,14): error TS1382: Unexpected token. Did you mean `{'>'}` or `&gt;`?
app/packages/[id]/DevDeepawaliDetail.tsx(1623,40): error TS1005: ':' expected.
app/packages/[id]/DevDeepawaliDetail.tsx(1623,42): error TS1005: '}' expected.
app/packages/[id]/DevDeepawaliDetail.tsx(1623,198): error TS1381: Unexpected token. Did you mean `{'}'}` or `&rbrace;`?
app/packages/[id]/DevDeepawaliDetail.tsx(1624,14): error TS1382: Unexpected token. Did you mean `{'>'}` or `&gt;`?
app/packages/[id]/DevDeepawaliDetail.tsx(1657,40): error TS1005: ':' expected.
app/packages/[id]/DevDeepawaliDetail.tsx(1657,42): error TS1005: '}' expected.
app/packages/[id]/DevDeepawaliDetail.tsx(1657,198): error TS1381: Unexpected token. Did you mean `{'}'}` or `&rbrace;`?
app/packages/[id]/DevDeepawaliDetail.tsx(1658,14): error TS1382: Unexpected token. Did you mean `{'>'}` or `&gt;`?
app/packages/[id]/DevDeepawaliDetail.tsx(1968,42): error TS1005: ':' expected.
app/packages/[id]/DevDeepawaliDetail.tsx(1968,44): error TS1005: '}' expected.
app/packages/[id]/DevDeepawaliDetail.tsx(1968,200): error TS1381: Unexpected token. Did you mean `{'}'}` or `&rbrace;`?
app/packages/[id]/DevDeepawaliDetail.tsx(1969,16): error TS1382: Unexpected token. Did you mean `{'>'}` or `&gt;`?
app/packages/[id]/DevDeepawaliDetail.tsx(2112,42): error TS1005: ':' expected.
app/packages/[id]/DevDeepawaliDetail.tsx(2112,44): error TS1005: '}' expected.
app/packages/[id]/DevDeepawaliDetail.tsx(2113,19): error TS1109: Expression expected.
app/packages/[id]/DevDeepawaliDetail.tsx(2115,17): error TS1381: Unexpected token. Did you mean `{'}'}` or `&rbrace;`?
app/packages/[id]/DevDeepawaliDetail.tsx(2115,18): error TS1381: Unexpected token. Did you mean `{'}'}` or `&rbrace;`?
app/packages/[id]/DevDeepawaliDetail.tsx(2116,16): error TS1382: Unexpected token. Did you mean `{'>'}` or `&gt;`?
app/packages/[id]/DwarkaSomnathDetail.tsx(1814,40): error TS1005: ':' expected.
app/packages/[id]/DwarkaSomnathDetail.tsx(1814,42): error TS1005: '}' expected.
app/packages/[id]/DwarkaSomnathDetail.tsx(1815,17): error TS1109: Expression expected.
app/packages/[id]/DwarkaSomnathDetail.tsx(1816,15): error TS1381: Unexpected token. Did you mean `{'}'}` or `&rbrace;`?
app/packages/[id]/DwarkaSomnathDetail.tsx(1816,16): error TS1381: Unexpected token. Did you mean `{'}'}` or `&rbrace;`?
app/packages/[id]/DwarkaSomnathDetail.tsx(1817,14): error TS1382: Unexpected token. Did you mean `{'>'}` or `&gt;`?
app/packages/[id]/DwarkaSomnathDetail.tsx(1821,40): error TS1005: ':' expected.
app/packages/[id]/DwarkaSomnathDetail.tsx(1821,42): error TS1005: '}' expected.
app/packages/[id]/DwarkaSomnathDetail.tsx(1822,17): error TS1109: Expression expected.
app/packages/[id]/DwarkaSomnathDetail.tsx(1823,15): error TS1381: Unexpected token. Did you mean `{'}'}` or `&rbrace;`?
app/packages/[id]/DwarkaSomnathDetail.tsx(1823,16): error TS1381: Unexpected token. Did you mean `{'}'}` or `&rbrace;`?
app/packages/[id]/DwarkaSomnathDetail.tsx(1824,14): error TS1382: Unexpected token. Did you mean `{'>'}` or `&gt;`?
app/packages/[id]/DwarkaSomnathDetail.tsx(1873,42): error TS1005: ':' expected.
app/packages/[id]/DwarkaSomnathDetail.tsx(1873,44): error TS1005: '}' expected.
app/packages/[id]/DwarkaSomnathDetail.tsx(1874,19): error TS1109: Expression expected.
app/packages/[id]/DwarkaSomnathDetail.tsx(1875,17): error TS1381: Unexpected token. Did you mean `{'}'}` or `&rbrace;`?
app/packages/[id]/DwarkaSomnathDetail.tsx(1875,18): error TS1381: Unexpected token. Did you mean `{'}'}` or `&rbrace;`?
app/packages/[id]/DwarkaSomnathDetail.tsx(1876,16): error TS1382: Unexpected token. Did you mean `{'>'}` or `&gt;`?
app/packages/[id]/DwarkaSomnathDetail.tsx(2042,42): error TS1005: ':' expected.
app/packages/[id]/DwarkaSomnathDetail.tsx(2042,44): error TS1005: '}' expected.
app/packages/[id]/DwarkaSomnathDetail.tsx(2043,19): error TS1109: Expression expected.
app/packages/[id]/DwarkaSomnathDetail.tsx(2044,17): error TS1381: Unexpected token. Did you mean `{'}'}` or `&rbrace;`?
app/packages/[id]/DwarkaSomnathDetail.tsx(2044,18): error TS1381: Unexpected token. Did you mean `{'}'}` or `&rbrace;`?
app/packages/[id]/DwarkaSomnathDetail.tsx(2045,16): error TS1382: Unexpected token. Did you mean `{'>'}` or `&gt;`?
app/packages/[id]/DwarkaSomnathDetail.tsx(2075,42): error TS1005: ':' expected.
app/packages/[id]/DwarkaSomnathDetail.tsx(2075,44): error TS1005: '}' expected.
app/packages/[id]/DwarkaSomnathDetail.tsx(2075,149): error TS1109: Expression expected.
app/packages/[id]/DwarkaSomnathDetail.tsx(2075,201): error TS1381: Unexpected token. Did you mean `{'}'}` or `&rbrace;`?
app/packages/[id]/DwarkaSomnathDetail.tsx(2075,202): error TS1381: Unexpected token. Did you mean `{'}'}` or `&rbrace;`?
app/packages/[id]/DwarkaSomnathDetail.tsx(2076,16): error TS1382: Unexpected token. Did you mean `{'>'}` or `&gt;`?
app/packages/[id]/JagannathPuriDetail.tsx(897,40): error TS1005: ':' expected.
app/packages/[id]/JagannathPuriDetail.tsx(897,42): error TS1005: '}' expected.
app/packages/[id]/JagannathPuriDetail.tsx(897,198): error TS1381: Unexpected token. Did you mean `{'}'}` or `&rbrace;`?
app/packages/[id]/JagannathPuriDetail.tsx(898,14): error TS1382: Unexpected token. Did you mean `{'>'}` or `&gt;`?
app/packages/[id]/JagannathPuriDetail.tsx(972,40): error TS1005: ':' expected.
app/packages/[id]/JagannathPuriDetail.tsx(972,42): error TS1005: '}' expected.
app/packages/[id]/JagannathPuriDetail.tsx(972,198): error TS1381: Unexpected token. Did you mean `{'}'}` or `&rbrace;`?
app/packages/[id]/JagannathPuriDetail.tsx(973,14): error TS1382: Unexpected token. Did you mean `{'>'}` or `&gt;`?
app/packages/[id]/KeralaDetail.tsx(1045,42): error TS1005: ':' expected.
app/packages/[id]/KeralaDetail.tsx(1045,44): error TS1005: '}' expected.
app/packages/[id]/KeralaDetail.tsx(1045,261): error TS1381: Unexpected token. Did you mean `{'}'}` or `&rbrace;`?
app/packages/[id]/KeralaDetail.tsx(1046,16): error TS1382: Unexpected token. Did you mean `{'>'}` or `&gt;`?
app/packages/[id]/page.tsx(766,40): error TS1005: ':' expected.
app/packages/[id]/page.tsx(766,42): error TS1005: '}' expected.
app/packages/[id]/page.tsx(766,198): error TS1381: Unexpected token. Did you mean `{'}'}` or `&rbrace;`?
app/packages/[id]/page.tsx(767,14): error TS1382: Unexpected token. Did you mean `{'>'}` or `&gt;`?
app/packages/[id]/RameshwaramDetail.tsx(829,40): error TS1005: ':' expected.
app/packages/[id]/RameshwaramDetail.tsx(829,42): error TS1005: '}' expected.
app/packages/[id]/RameshwaramDetail.tsx(829,198): error TS1381: Unexpected token. Did you mean `{'}'}` or `&rbrace;`?
app/packages/[id]/RameshwaramDetail.tsx(830,14): error TS1382: Unexpected token. Did you mean `{'>'}` or `&gt;`?
app/packages/[id]/RameshwaramDetail.tsx(881,40): error TS1005: ':' expected.
app/packages/[id]/RameshwaramDetail.tsx(881,42): error TS1005: '}' expected.
app/packages/[id]/RameshwaramDetail.tsx(881,198): error TS1381: Unexpected token. Did you mean `{'}'}` or `&rbrace;`?
app/packages/[id]/RameshwaramDetail.tsx(882,14): error TS1382: Unexpected token. Did you mean `{'>'}` or `&gt;`?
app/packages/[id]/UjjainOmkareshwarDetail.tsx(708,40): error TS1005: ':' expected.
app/packages/[id]/UjjainOmkareshwarDetail.tsx(708,42): error TS1005: '}' expected.
app/packages/[id]/UjjainOmkareshwarDetail.tsx(708,198): error TS1381: Unexpected token. Did you mean `{'}'}` or `&rbrace;`?
app/packages/[id]/UjjainOmkareshwarDetail.tsx(709,14): error TS1382: Unexpected token. Did you mean `{'>'}` or `&gt;`?
app/packages/[id]/UjjainOmkareshwarDetail.tsx(720,40): error TS1005: ':' expected.
app/packages/[id]/UjjainOmkareshwarDetail.tsx(720,42): error TS1005: '}' expected.
app/packages/[id]/UjjainOmkareshwarDetail.tsx(720,198): error TS1381: Unexpected token. Did you mean `{'}'}` or `&rbrace;`?
app/packages/[id]/UjjainOmkareshwarDetail.tsx(721,14): error TS1382: Unexpected token. Did you mean `{'>'}` or `&gt;`?
app/packages/[id]/UjjainOmkareshwarDetail.tsx(732,40): error TS1005: ':' expected.
app/packages/[id]/UjjainOmkareshwarDetail.tsx(732,42): error TS1005: '}' expected.
app/packages/[id]/UjjainOmkareshwarDetail.tsx(732,198): error TS1381: Unexpected token. Did you mean `{'}'}` or `&rbrace;`?
app/packages/[id]/UjjainOmkareshwarDetail.tsx(733,14): error TS1382: Unexpected token. Did you mean `{'>'}` or `&gt;`?
